2026-01-10T10:30:19.911+05:30  INFO 3592 --- [taskapi] [restartedMain] c.jspiders.taskapi.TaskapiApplication    : Starting TaskapiApplication using Java 24.0.2 with PID 3592 (C:\AdVsprings\taskapi\taskapi\target\classes started by hp in C:\AdVsprings\taskapi\taskapi)
2026-01-10T10:30:19.922+05:30  INFO 3592 --- [taskapi] [restartedMain] c.jspiders.taskapi.TaskapiApplication    : No active profile set, falling back to 1 default profile: "default"
2026-01-10T10:30:19.992+05:30  INFO 3592 --- [taskapi] [restartedMain] .e.DevToolsPropertyDefaultsPostProcessor : Devtools property defaults active! Set 'spring.devtools.add-properties' to 'false' to disable
2026-01-10T10:30:19.993+05:30  INFO 3592 --- [taskapi] [restartedMain] .e.DevToolsPropertyDefaultsPostProcessor : For additional web related logging consider setting the 'logging.level.web' property to 'DEBUG'
2026-01-10T10:30:21.585+05:30  INFO 3592 --- [taskapi] [restartedMain] o.s.boot.tomcat.TomcatWebServer          : Tomcat initialized with port 8080 (http)
2026-01-10T10:30:21.609+05:30  INFO 3592 --- [taskapi] [restartedMain] o.apache.catalina.core.StandardService   : Starting service [Tomcat]
2026-01-10T10:30:21.609+05:30  INFO 3592 --- [taskapi] [restartedMain] o.apache.catalina.core.StandardEngine    : Starting Servlet engine: [Apache Tomcat/11.0.15]
2026-01-10T10:30:21.656+05:30  INFO 3592 --- [taskapi] [restartedMain] b.w.c.s.WebApplicationContextInitializer : Root WebApplicationContext: initialization completed in 1663 ms
2026-01-10T10:30:22.172+05:30  INFO 3592 --- [taskapi] [restartedMain] o.s.boot.tomcat.TomcatWebServer          : Tomcat started on port 8080 (http) with context path '/'
2026-01-10T10:30:22.181+05:30  INFO 3592 --- [taskapi] [restartedMain] c.jspiders.taskapi.TaskapiApplication    : Started TaskapiApplication in 2.985 seconds (process running for 3.799)
2026-01-10T10:30:30.070+05:30  INFO 3592 --- [taskapi] [http-nio-8080-exec-1] o.a.c.c.C.[Tomcat].[localhost].[/]       : Initializing Spring DispatcherServlet 'dispatcherServlet'
2026-01-10T10:30:30.070+05:30  INFO 3592 --- [taskapi] [http-nio-8080-exec-1] o.s.web.servlet.DispatcherServlet        : Initializing Servlet 'dispatcherServlet'
2026-01-10T10:30:30.081+05:30  INFO 3592 --- [taskapi] [http-nio-8080-exec-1] o.s.web.servlet.DispatcherServlet        : Completed initialization in 11 ms
2026-01-10T10:30:30.918+05:30  WARN 3592 --- [taskapi] [http-nio-8080-exec-1] .m.m.a.ExceptionHandlerExceptionResolver : Resolved [org.springframework.web.bind.MethodArgumentNotValidException: Validation failed for argument [0] in public org.springframework.http.ResponseEntity<com.jspiders.taskapi.data.users.CreateUserResponse> com.jspiders.taskapi.controllers.UserController.addUser(com.jspiders.taskapi.data.users.CreateUserRequest) with 4 errors: [Field error in object 'createUserRequest' on field 'password': rejected value [null]; codes [NotBlank.createUserRequest.password,NotBlank.password,NotBlank.java.lang.String,NotBlank]; arguments [org.springframework.context.support.DefaultMessageSourceResolvable: codes [createUserRequest.password,password]; arguments []; default message [password]]; default message [Password cannot be empty]] [Field error in object 'createUserRequest' on field 'mobile': rejected value [null]; codes [NotBlank.createUserRequest.mobile,NotBlank.mobile,NotBlank.java.lang.String,NotBlank]; arguments [org.springframework.context.support.DefaultMessageSourceResolvable: codes [createUserRequest.mobile,mobile]; arguments []; default message [mobile]]; default message [mobile cannot be empty]] [Field error in object 'createUserRequest' on field 'name': rejected value [null]; codes [NotBlank.createUserRequest.name,NotBlank.name,NotBlank.java.lang.String,NotBlank]; arguments [org.springframework.context.support.DefaultMessageSourceResolvable: codes [createUserRequest.name,name]; arguments []; default message [name]]; default message [Name cannot be empty]] [Field error in object 'createUserRequest' on field 'email': rejected value [null]; codes [NotBlank.createUserRequest.email,NotBlank.email,NotBlank.java.lang.String,NotBlank]; arguments [org.springframework.context.support.DefaultMessageSourceResolvable: codes [createUserRequest.email,email]; arguments []; default message [email]]; default message [Email cannot be empty]] ]
2026-01-10T10:30:53.699+05:30  INFO 3592 --- [taskapi] [SpringApplicationShutdownHook] o.s.boot.tomcat.GracefulShutdown         : Commencing graceful shutdown. Waiting for active requests to complete
2026-01-10T10:30:53.730+05:30  INFO 3592 --- [taskapi] [tomcat-shutdown] o.s.boot.tomcat.GracefulShutdown         : Graceful shutdown complete
2026-01-10T15:21:24.961+05:30  INFO 12592 --- [taskapi] [restartedMain] c.jspiders.taskapi.TaskapiApplication    : Starting TaskapiApplication using Java 24.0.2 with PID 12592 (C:\AdVsprings\taskapi\taskapi\target\classes started by hp in C:\AdVsprings\taskapi\taskapi)
2026-01-10T15:21:24.965+05:30  INFO 12592 --- [taskapi] [restartedMain] c.jspiders.taskapi.TaskapiApplication    : No active profile set, falling back to 1 default profile: "default"
2026-01-10T15:21:25.035+05:30  INFO 12592 --- [taskapi] [restartedMain] .e.DevToolsPropertyDefaultsPostProcessor : Devtools property defaults active! Set 'spring.devtools.add-properties' to 'false' to disable
2026-01-10T15:21:25.035+05:30  INFO 12592 --- [taskapi] [restartedMain] .e.DevToolsPropertyDefaultsPostProcessor : For additional web related logging consider setting the 'logging.level.web' property to 'DEBUG'
2026-01-10T15:21:26.397+05:30  INFO 12592 --- [taskapi] [restartedMain] o.s.boot.tomcat.TomcatWebServer          : Tomcat initialized with port 8080 (http)
2026-01-10T15:21:26.413+05:30  INFO 12592 --- [taskapi] [restartedMain] o.apache.catalina.core.StandardService   : Starting service [Tomcat]
2026-01-10T15:21:26.414+05:30  INFO 12592 --- [taskapi] [restartedMain] o.apache.catalina.core.StandardEngine    : Starting Servlet engine: [Apache Tomcat/11.0.15]
2026-01-10T15:21:26.455+05:30  INFO 12592 --- [taskapi] [restartedMain] b.w.c.s.WebApplicationContextInitializer : Root WebApplicationContext: initialization completed in 1419 ms
2026-01-10T15:21:26.923+05:30  INFO 12592 --- [taskapi] [restartedMain] o.s.boot.tomcat.TomcatWebServer          : Tomcat started on port 8080 (http) with context path '/'
2026-01-10T15:21:26.930+05:30  INFO 12592 --- [taskapi] [restartedMain] c.jspiders.taskapi.TaskapiApplication    : Started TaskapiApplication in 2.647 seconds (process running for 3.382)
2026-01-10T15:22:23.078+05:30  INFO 12592 --- [taskapi] [SpringApplicationShutdownHook] o.s.boot.tomcat.GracefulShutdown         : Commencing graceful shutdown. Waiting for active requests to complete
2026-01-10T15:22:23.095+05:30  INFO 12592 --- [taskapi] [tomcat-shutdown] o.s.boot.tomcat.GracefulShutdown         : Graceful shutdown complete
2026-01-10T15:26:59.441+05:30  INFO 10332 --- [taskapi] [restartedMain] c.jspiders.taskapi.TaskapiApplication    : Starting TaskapiApplication using Java 24.0.2 with PID 10332 (C:\AdVsprings\taskapi\taskapi\target\classes started by hp in C:\AdVsprings\taskapi\taskapi)
2026-01-10T15:26:59.445+05:30  INFO 10332 --- [taskapi] [restartedMain] c.jspiders.taskapi.TaskapiApplication    : No active profile set, falling back to 1 default profile: "default"
2026-01-10T15:26:59.531+05:30  INFO 10332 --- [taskapi] [restartedMain] .e.DevToolsPropertyDefaultsPostProcessor : Devtools property defaults active! Set 'spring.devtools.add-properties' to 'false' to disable
2026-01-10T15:26:59.532+05:30  INFO 10332 --- [taskapi] [restartedMain] .e.DevToolsPropertyDefaultsPostProcessor : For additional web related logging consider setting the 'logging.level.web' property to 'DEBUG'
2026-01-10T15:27:00.874+05:30  INFO 10332 --- [taskapi] [restartedMain] o.s.boot.tomcat.TomcatWebServer          : Tomcat initialized with port 8080 (http)
2026-01-10T15:27:00.889+05:30  INFO 10332 --- [taskapi] [restartedMain] o.apache.catalina.core.StandardService   : Starting service [Tomcat]
2026-01-10T15:27:00.889+05:30  INFO 10332 --- [taskapi] [restartedMain] o.apache.catalina.core.StandardEngine    : Starting Servlet engine: [Apache Tomcat/11.0.15]
2026-01-10T15:27:00.924+05:30  INFO 10332 --- [taskapi] [restartedMain] b.w.c.s.WebApplicationContextInitializer : Root WebApplicationContext: initialization completed in 1392 ms
2026-01-10T15:27:01.593+05:30  INFO 10332 --- [taskapi] [restartedMain] o.s.boot.tomcat.TomcatWebServer          : Tomcat started on port 8080 (http) with context path '/'
2026-01-10T15:27:01.601+05:30  INFO 10332 --- [taskapi] [restartedMain] c.jspiders.taskapi.TaskapiApplication    : Started TaskapiApplication in 2.766 seconds (process running for 3.358)
2026-01-10T15:27:22.904+05:30  INFO 10332 --- [taskapi] [SpringApplicationShutdownHook] o.s.boot.tomcat.GracefulShutdown         : Commencing graceful shutdown. Waiting for active requests to complete
2026-01-10T15:27:22.933+05:30  INFO 10332 --- [taskapi] [tomcat-shutdown] o.s.boot.tomcat.GracefulShutdown         : Graceful shutdown complete
2026-01-10T15:27:58.904+05:30  INFO 14228 --- [taskapi] [restartedMain] c.jspiders.taskapi.TaskapiApplication    : Starting TaskapiApplication using Java 24.0.2 with PID 14228 (C:\AdVsprings\taskapi\taskapi\target\classes started by hp in C:\AdVsprings\taskapi\taskapi)
2026-01-10T15:27:58.910+05:30  INFO 14228 --- [taskapi] [restartedMain] c.jspiders.taskapi.TaskapiApplication    : No active profile set, falling back to 1 default profile: "default"
2026-01-10T15:27:58.988+05:30  INFO 14228 --- [taskapi] [restartedMain] .e.DevToolsPropertyDefaultsPostProcessor : Devtools property defaults active! Set 'spring.devtools.add-properties' to 'false' to disable
2026-01-10T15:27:58.988+05:30  INFO 14228 --- [taskapi] [restartedMain] .e.DevToolsPropertyDefaultsPostProcessor : For additional web related logging consider setting the 'logging.level.web' property to 'DEBUG'
2026-01-10T15:28:00.394+05:30  INFO 14228 --- [taskapi] [restartedMain] o.s.boot.tomcat.TomcatWebServer          : Tomcat initialized with port 8080 (http)
2026-01-10T15:28:00.434+05:30  INFO 14228 --- [taskapi] [restartedMain] o.apache.catalina.core.StandardService   : Starting service [Tomcat]
2026-01-10T15:28:00.435+05:30  INFO 14228 --- [taskapi] [restartedMain] o.apache.catalina.core.StandardEngine    : Starting Servlet engine: [Apache Tomcat/11.0.15]
2026-01-10T15:28:00.494+05:30  INFO 14228 --- [taskapi] [restartedMain] b.w.c.s.WebApplicationContextInitializer : Root WebApplicationContext: initialization completed in 1505 ms
2026-01-10T15:28:01.003+05:30  INFO 14228 --- [taskapi] [restartedMain] o.s.boot.tomcat.TomcatWebServer          : Tomcat started on port 8080 (http) with context path '/'
2026-01-10T15:28:01.011+05:30  INFO 14228 --- [taskapi] [restartedMain] c.jspiders.taskapi.TaskapiApplication    : Started TaskapiApplication in 2.764 seconds (process running for 3.364)
2026-01-10T15:30:40.166+05:30  INFO 14228 --- [taskapi] [http-nio-8080-exec-2] o.a.c.c.C.[Tomcat].[localhost].[/]       : Initializing Spring DispatcherServlet 'dispatcherServlet'
2026-01-10T15:30:40.166+05:30  INFO 14228 --- [taskapi] [http-nio-8080-exec-2] o.s.web.servlet.DispatcherServlet        : Initializing Servlet 'dispatcherServlet'
2026-01-10T15:30:40.175+05:30  INFO 14228 --- [taskapi] [http-nio-8080-exec-2] o.s.web.servlet.DispatcherServlet        : Completed initialization in 5 ms
2026-01-10T15:30:40.928+05:30  INFO 14228 --- [taskapi] [http-nio-8080-exec-2] c.j.taskapi.controllers.UserController   : This is UserController --> addUser() createUserRequest: CreateUserRequest(name=user1, email=user1@gmail.com, mobile=0987654321, password=password_daf0d8)
2026-01-10T15:30:40.932+05:30  INFO 14228 --- [taskapi] [http-nio-8080-exec-2] c.j.t.services.impl.AppUserServiceImpl   : inside createUser() CreateUserRequest(name=user1, email=user1@gmail.com, mobile=0987654321, password=password_daf0d8)
2026-01-10T15:30:40.936+05:30  INFO 14228 --- [taskapi] [http-nio-8080-exec-2] c.j.t.services.impl.AppUserServiceImpl   : inside createUser() : user created
2026-01-10T15:30:40.944+05:30  INFO 14228 --- [taskapi] [http-nio-8080-exec-2] c.j.taskapi.controllers.UserController   : inside addUser() : User created
2026-01-10T15:31:06.805+05:30  INFO 14228 --- [taskapi] [http-nio-8080-exec-4] c.j.taskapi.controllers.UserController   : getallUsers()
2026-01-10T15:31:06.805+05:30  INFO 14228 --- [taskapi] [http-nio-8080-exec-4] c.j.t.services.impl.AppUserServiceImpl   : getAllUser()
2026-01-10T15:31:23.277+05:30  INFO 14228 --- [taskapi] [http-nio-8080-exec-3] c.j.taskapi.controllers.UserController   : getUsersById
2026-01-10T15:31:23.277+05:30  INFO 14228 --- [taskapi] [http-nio-8080-exec-3] c.j.t.services.impl.AppUserServiceImpl   : getUsersById()
2026-01-10T15:33:00.622+05:30  INFO 14228 --- [taskapi] [SpringApplicationShutdownHook] o.s.boot.tomcat.GracefulShutdown         : Commencing graceful shutdown. Waiting for active requests to complete
2026-01-10T15:33:00.660+05:30  INFO 14228 --- [taskapi] [tomcat-shutdown] o.s.boot.tomcat.GracefulShutdown         : Graceful shutdown complete
2026-01-10T15:33:28.506+05:30  INFO 14076 --- [taskapi] [restartedMain] c.jspiders.taskapi.TaskapiApplication    : Starting TaskapiApplication using Java 24.0.2 with PID 14076 (C:\AdVsprings\taskapi\taskapi\target\classes started by hp in C:\AdVsprings\taskapi\taskapi)
2026-01-10T15:33:28.511+05:30  INFO 14076 --- [taskapi] [restartedMain] c.jspiders.taskapi.TaskapiApplication    : No active profile set, falling back to 1 default profile: "default"
2026-01-10T15:33:28.594+05:30  INFO 14076 --- [taskapi] [restartedMain] .e.DevToolsPropertyDefaultsPostProcessor : Devtools property defaults active! Set 'spring.devtools.add-properties' to 'false' to disable
2026-01-10T15:33:28.594+05:30  INFO 14076 --- [taskapi] [restartedMain] .e.DevToolsPropertyDefaultsPostProcessor : For additional web related logging consider setting the 'logging.level.web' property to 'DEBUG'
2026-01-10T15:33:30.126+05:30  INFO 14076 --- [taskapi] [restartedMain] o.s.boot.tomcat.TomcatWebServer          : Tomcat initialized with port 8080 (http)
2026-01-10T15:33:30.152+05:30  INFO 14076 --- [taskapi] [restartedMain] o.apache.catalina.core.StandardService   : Starting service [Tomcat]
2026-01-10T15:33:30.154+05:30  INFO 14076 --- [taskapi] [restartedMain] o.apache.catalina.core.StandardEngine    : Starting Servlet engine: [Apache Tomcat/11.0.15]
2026-01-10T15:33:30.217+05:30  INFO 14076 --- [taskapi] [restartedMain] b.w.c.s.WebApplicationContextInitializer : Root WebApplicationContext: initialization completed in 1623 ms
2026-01-10T15:33:30.847+05:30  INFO 14076 --- [taskapi] [restartedMain] o.s.boot.tomcat.TomcatWebServer          : Tomcat started on port 8080 (http) with context path '/'
2026-01-10T15:33:30.854+05:30  INFO 14076 --- [taskapi] [restartedMain] c.jspiders.taskapi.TaskapiApplication    : Started TaskapiApplication in 2.984 seconds (process running for 3.597)
2026-01-10T15:33:48.684+05:30  INFO 14076 --- [taskapi] [http-nio-8080-exec-2] o.a.c.c.C.[Tomcat].[localhost].[/]       : Initializing Spring DispatcherServlet 'dispatcherServlet'
2026-01-10T15:33:48.684+05:30  INFO 14076 --- [taskapi] [http-nio-8080-exec-2] o.s.web.servlet.DispatcherServlet        : Initializing Servlet 'dispatcherServlet'
2026-01-10T15:33:48.694+05:30  INFO 14076 --- [taskapi] [http-nio-8080-exec-2] o.s.web.servlet.DispatcherServlet        : Completed initialization in 10 ms
2026-01-10T15:34:13.538+05:30  WARN 14076 --- [taskapi] [http-nio-8080-exec-9] .m.m.a.ExceptionHandlerExceptionResolver : Resolved [org.springframework.web.bind.MethodArgumentNotValidException: Validation failed for argument [0] in public org.springframework.http.ResponseEntity<com.jspiders.taskapi.data.users.CreateUserResponse> com.jspiders.taskapi.controllers.UserController.addUser(com.jspiders.taskapi.data.users.CreateUserRequest) with 4 errors: [Field error in object 'createUserRequest' on field 'mobile': rejected value [null]; codes [NotBlank.createUserRequest.mobile,NotBlank.mobile,NotBlank.java.lang.String,NotBlank]; arguments [org.springframework.context.support.DefaultMessageSourceResolvable: codes [createUserRequest.mobile,mobile]; arguments []; default message [mobile]]; default message [mobile cannot be empty]] [Field error in object 'createUserRequest' on field 'password': rejected value [null]; codes [NotBlank.createUserRequest.password,NotBlank.password,NotBlank.java.lang.String,NotBlank]; arguments [org.springframework.context.support.DefaultMessageSourceResolvable: codes [createUserRequest.password,password]; arguments []; default message [password]]; default message [Password cannot be empty]] [Field error in object 'createUserRequest' on field 'name': rejected value [null]; codes [NotBlank.createUserRequest.name,NotBlank.name,NotBlank.java.lang.String,NotBlank]; arguments [org.springframework.context.support.DefaultMessageSourceResolvable: codes [createUserRequest.name,name]; arguments []; default message [name]]; default message [Name cannot be empty]] [Field error in object 'createUserRequest' on field 'email': rejected value [null]; codes [NotBlank.createUserRequest.email,NotBlank.email,NotBlank.java.lang.String,NotBlank]; arguments [org.springframework.context.support.DefaultMessageSourceResolvable: codes [createUserRequest.email,email]; arguments []; default message [email]]; default message [Email cannot be empty]] ]
2026-01-10T15:34:32.901+05:30  INFO 14076 --- [taskapi] [SpringApplicationShutdownHook] o.s.boot.tomcat.GracefulShutdown         : Commencing graceful shutdown. Waiting for active requests to complete
2026-01-10T15:34:32.935+05:30  INFO 14076 --- [taskapi] [tomcat-shutdown] o.s.boot.tomcat.GracefulShutdown         : Graceful shutdown complete
2026-01-10T15:35:04.468+05:30  INFO 12044 --- [taskapi] [restartedMain] c.jspiders.taskapi.TaskapiApplication    : Starting TaskapiApplication using Java 24.0.2 with PID 12044 (C:\AdVsprings\taskapi\taskapi\target\classes started by hp in C:\AdVsprings\taskapi\taskapi)
2026-01-10T15:35:04.472+05:30  INFO 12044 --- [taskapi] [restartedMain] c.jspiders.taskapi.TaskapiApplication    : No active profile set, falling back to 1 default profile: "default"
2026-01-10T15:35:04.545+05:30  INFO 12044 --- [taskapi] [restartedMain] .e.DevToolsPropertyDefaultsPostProcessor : Devtools property defaults active! Set 'spring.devtools.add-properties' to 'false' to disable
2026-01-10T15:35:04.547+05:30  INFO 12044 --- [taskapi] [restartedMain] .e.DevToolsPropertyDefaultsPostProcessor : For additional web related logging consider setting the 'logging.level.web' property to 'DEBUG'
2026-01-10T15:35:05.831+05:30  INFO 12044 --- [taskapi] [restartedMain] o.s.boot.tomcat.TomcatWebServer          : Tomcat initialized with port 8080 (http)
2026-01-10T15:35:05.848+05:30  INFO 12044 --- [taskapi] [restartedMain] o.apache.catalina.core.StandardService   : Starting service [Tomcat]
2026-01-10T15:35:05.848+05:30  INFO 12044 --- [taskapi] [restartedMain] o.apache.catalina.core.StandardEngine    : Starting Servlet engine: [Apache Tomcat/11.0.15]
2026-01-10T15:35:05.887+05:30  INFO 12044 --- [taskapi] [restartedMain] b.w.c.s.WebApplicationContextInitializer : Root WebApplicationContext: initialization completed in 1340 ms
2026-01-10T15:35:06.354+05:30  INFO 12044 --- [taskapi] [restartedMain] o.s.boot.tomcat.TomcatWebServer          : Tomcat started on port 8080 (http) with context path '/'
2026-01-10T15:35:06.360+05:30  INFO 12044 --- [taskapi] [restartedMain] c.jspiders.taskapi.TaskapiApplication    : Started TaskapiApplication in 2.482 seconds (process running for 3.143)
2026-01-10T15:36:04.801+05:30  INFO 12044 --- [taskapi] [http-nio-8080-exec-1] o.a.c.c.C.[Tomcat].[localhost].[/]       : Initializing Spring DispatcherServlet 'dispatcherServlet'
2026-01-10T15:36:04.801+05:30  INFO 12044 --- [taskapi] [http-nio-8080-exec-1] o.s.web.servlet.DispatcherServlet        : Initializing Servlet 'dispatcherServlet'
2026-01-10T15:36:04.809+05:30  INFO 12044 --- [taskapi] [http-nio-8080-exec-1] o.s.web.servlet.DispatcherServlet        : Completed initialization in 8 ms
2026-01-10T15:36:05.384+05:30  INFO 12044 --- [taskapi] [http-nio-8080-exec-1] c.j.taskapi.controllers.UserController   : This is UserController --> addUser() createUserRequest: CreateUserRequest(name=jawad, email=jawad@gmail.com, mobile=9876543210, password=password123)
2026-01-10T15:36:05.384+05:30  INFO 12044 --- [taskapi] [http-nio-8080-exec-1] c.j.t.services.impl.AppUserServiceImpl   : inside createUser() CreateUserRequest(name=jawad, email=jawad@gmail.com, mobile=9876543210, password=password123)
2026-01-10T15:36:05.384+05:30  INFO 12044 --- [taskapi] [http-nio-8080-exec-1] c.j.t.services.impl.AppUserServiceImpl   : inside createUser() : user created
2026-01-10T15:36:05.394+05:30  INFO 12044 --- [taskapi] [http-nio-8080-exec-1] c.j.taskapi.controllers.UserController   : inside addUser() : User created
2026-01-10T15:36:32.914+05:30  INFO 12044 --- [taskapi] [http-nio-8080-exec-5] c.j.taskapi.controllers.UserController   : getUsersById
2026-01-10T15:36:32.914+05:30  INFO 12044 --- [taskapi] [http-nio-8080-exec-5] c.j.t.services.impl.AppUserServiceImpl   : getUsersById()
2026-01-10T15:36:50.961+05:30  INFO 12044 --- [taskapi] [SpringApplicationShutdownHook] o.s.boot.tomcat.GracefulShutdown         : Commencing graceful shutdown. Waiting for active requests to complete
2026-01-10T15:36:50.992+05:30  INFO 12044 --- [taskapi] [tomcat-shutdown] o.s.boot.tomcat.GracefulShutdown         : Graceful shutdown complete
